// Jest Snapshot v1, https://goo.gl/fbAQLP

exports[`Home Should match snapshot 1`] = `
<div>
  <div
    class="wait"
  >
    <div
      class="temp2"
    >
       :((
    </div>
    <div
      class="temp1"
    >
       Seems a bit empty here
    </div>
    <button
      class="temp"
      type="button"
    >
      Sync 
    </button>
  </div>
</div>
`;
